// Jest Snapshot v1, https://goo.gl/fbAQLP

exports[`Testing html5_section component Should render component with issues 1`] = `
<section-container-stub>
  <p
    class="alert--danger"
  >
    Html issues found while checking the page.
  </p>
   
  <ul
    class="list-unstyled"
  >
    <li
      class="scrollable--issue mb1 alert--warning"
    >
      <p
        class="mt0 mb0"
      >
        Using “windows-1252” instead of the declared encoding “iso-8859-1”.
      </p>
    </li>
  </ul>
</section-container-stub>
`;

exports[`Testing html5_section component Should render component with no issues 1`] = `
<section-container-stub>
  <p
    class="alert--success"
  >
    No html issues found.
  </p>
</section-container-stub>
`;
