// Jest Snapshot v1, https://goo.gl/fbAQLP

exports[`performance.vue Testing speed component 1`] = `
<container-stub>
  <template>
    <div
      class="section__header--stats px2 py1"
    >
      <performance-score-stub
        score="0"
        type="Mobile"
      />

      <performance-score-stub
        score="0"
        type="Desktop"
      />
    </div>
  </template>

  <div
    class="scrollable__container"
  >
    <div>
      <h4
        class="text--center text--muted mt0 mb1"
      >
        Mobile
      </h4>

      <performance-item-stub
        data="[object Object]"
      />
      <performance-item-stub
        data="[object Object]"
      />
    </div>

    <div>
      <h4
        class="text--center text--muted mt0 mb1"
      >
        Desktop
      </h4>

    </div>
  </div>

  <template>
    <filter-item-stub
      filtercategories=""
    />
  </template>
</container-stub>
`;
