// Jest Snapshot v1, https://goo.gl/fbAQLP

exports[`performance.vue Testing speed component 1`] = `
<container-stub>
  <template>
    <div
      class="section__header--stats px2 py1"
    >
      <performance-score-stub
        score="0"
        type="Mobile"
      />
       
      <performance-score-stub
        score="0"
        type="Desktop"
      />
    </div>
  </template>
   
  <div
    class="scrollable__container"
  >
    <div>
      <h4
        class="text--center text--muted mt0 mb1"
      >
        Mobile
      </h4>
       
      <performance-item-stub
        data="First Contentful Paint"
      />
      <performance-item-stub
        data="0.63"
      />
      <performance-item-stub
        data="First Contentful Paint marks the time at which the first text or image is painted. [Learn more](https://developers.google.com/web/tools/lighthouse/audits/first-contentful-paint)."
      />
    </div>
     
    <div>
      <h4
        class="text--center text--muted mt0 mb1"
      >
        Desktop
      </h4>
       
      <performance-item-stub
        data="First Contentful Paint"
      />
      <performance-item-stub
        data="0.63"
      />
      <performance-item-stub
        data="First Contentful Paint marks the time at which the first text or image is painted. [Learn more](https://developers.google.com/web/tools/lighthouse/audits/first-contentful-paint)."
      />
    </div>
  </div>
   
  <!---->
</container-stub>
`;
