// Jest Snapshot v1, https://goo.gl/fbAQLP

exports[`security-section.vue Testing security-section.vue component 1`] = `
<section-container-stub>
  <div
    class="section__header--stats px2 py1"
  >
    <security-grade-stub
      grade="[object Object]"
      section="Headers"
    />
     
    <security-grade-stub
      grade="[object Object]"
      section="SSL"
    />
  </div>
</section-container-stub>
`;
