// Jest Snapshot v1, https://goo.gl/fbAQLP

exports[`Testing security-section component Render component with data 1`] = `
<section-container-stub>
  <div
    class="section__header--stats px2 py1"
  >
    <security-grade-stub
      grade="[object Object]"
      section="Headers"
    />
     
    <security-grade-stub
      grade="[object Object]"
      section="SSL"
    />
  </div>
</section-container-stub>
`;

exports[`Testing security-section component Render component with no data 1`] = `
<section-container-stub>
  <div
    class="section__header--stats px2 py1"
  >
    <security-grade-stub
      grade="[object Object]"
      section="Headers"
    />
     
    <security-grade-stub
      grade="[object Object]"
      section="SSL"
    />
  </div>
</section-container-stub>
`;
